<html>
<body>
<pre>
<h1>µVision Build Log</h1>
<h2>Project:</h2>
F:\Parth\BITS Acad\3-1\Embedded System Design\usb2multi\scratchpad\usb_tryout\usb_tryout.uvproj
Project File Date:  10/15/2018

<h2>Output:</h2>
Build target 'Target 1'
assembling Startup.s...
linking...
usb_tryout.axf: Warning: L6665W: Neither Lib$$Request$$armlib Lib$$Request$$cpplib defined, not searching ARM libraries.
usb_tryout.axf: Error: L6411W: No compatible library exists with a definition of startup symbol __main.
Target not created
Build target 'Target 1'
compiling main.c...
main.c(1): error:  #5: cannot open source input file "lpc2148.h": No such file or directory
Target not created
Build target 'Target 1'
compiling main.c...
main.c(3): warning:  #951-D: return type of function "main" must be "int"
main.c(5): warning:  #1-D: last line of file ends without a newline
main.c(4): warning:  #177-D: variable "x" was declared but never referenced
linking...
Program Size: Code=428 RO-data=16 RW-data=0 ZI-data=1256  
"usb_tryout.axf" - 0 Error(s), 3 Warning(s).
Build target 'Target 1'
assembling Startup.s...
compiling main.c...
main.c(5): warning:  #1-D: last line of file ends without a newline
main.c(4): warning:  #177-D: variable "x" was declared but never referenced
linking...
Program Size: Code=432 RO-data=16 RW-data=0 ZI-data=1256  
"usb_tryout.axf" - 0 Error(s), 2 Warning(s).
compiling C:\Program Files\Keil\ARM\INC\Philips\LPC214X.h...
SfrCC FATAL-ERROR -
  ACTION:  CREATING FILE
  FILE:    C:\Program Files\Keil\ARM\INC\Philips\LPC214X.LST
  ERROR:   CAN'T CREATE FILE
SfrCC TERMINATED.
