ARM Linker, RVCT4.0 [Build 524] for uVision [Evaluation]

==============================================================================

Section Cross References

    startup.o(STACK) refers (Special) to heapauxi.o(.text) for __use_two_region_memory
    startup.o(HEAP) refers (Special) to heapauxi.o(.text) for __use_two_region_memory
    startup.o(RESET) refers (Special) to heapauxi.o(.text) for __use_two_region_memory
    startup.o(RESET) refers to startup.o(STACK) for Stack_Top
    startup.o(RESET) refers to __main.o(!!!main) for __main
    startup.o(.text) refers (Special) to heapauxi.o(.text) for __use_two_region_memory
    startup.o(.text) refers to startup.o(HEAP) for Heap_Mem
    startup.o(.text) refers to startup.o(STACK) for Stack_Mem
    demo.o(.text) refers to i2c.o(.text) for I2C_funcr
    demo.o(.text) refers to adc.o(.text) for ADC_func
    demo.o(.text) refers to spi.o(.text) for SPI_func
    demo.o(.text) refers to pwm.o(.text) for PWM_func
    demo.o(.text) refers to usbhw.o(.text) for USB_Init
    demo.o(.text) refers to demo.o(.data) for key
    usbhw.o(.text) refers to usbuser.o(.text) for USB_Reset_Event
    usbhw.o(.text) refers to uwrite4.o(.text) for __aeabi_uwrite4
    usbhw.o(.text) refers to uread4.o(.text) for __aeabi_uread4
    usbhw.o(.text) refers to usbuser.o(.constdata) for USB_P_EP
    usbhw.o(.text) refers to usbcore.o(.data) for USB_DeviceStatus
    usbcore.o(.text) refers to usbhw.o(.text) for USB_ReadEP
    usbcore.o(.text) refers to usbcore.o(i.USB_GetStatus) for USB_GetStatus
    usbcore.o(.text) refers to usbcore.o(i.USB_SetClrFeature) for USB_SetClrFeature
    usbcore.o(.text) refers to usbcore.o(i.USB_GetDescriptor) for USB_GetDescriptor
    usbcore.o(.text) refers to usbcore.o(i.USB_SetConfiguration) for USB_SetConfiguration
    usbcore.o(.text) refers to usbuser.o(.text) for USB_Configure_Event
    usbcore.o(.text) refers to usbcore.o(i.USB_SetInterface) for USB_SetInterface
    usbcore.o(.text) refers to hiduser.o(.text) for HID_GetReport
    usbcore.o(.text) refers to usbcore.o(.data) for USB_DeviceStatus
    usbcore.o(.text) refers to usbcore.o(.bss) for EP0Buf
    usbuser.o(.text) refers to usbcore.o(.text) for USB_ResetCore
    usbuser.o(.text) refers to demo.o(.text) for GetInReport
    usbuser.o(.text) refers to usbhw.o(.text) for USB_WriteEP
    usbuser.o(.text) refers to usbcore.o(.data) for USB_Configuration
    usbuser.o(.text) refers to demo.o(.data) for InReport
    usbuser.o(.constdata) refers to usbcore.o(.text) for USB_EndPoint0
    usbuser.o(.constdata) refers to usbuser.o(.text) for USB_EndPoint1
    hiduser.o(.text) refers to demo.o(.text) for GetInReport
    hiduser.o(.text) refers to usbcore.o(.data) for SetupPacket
    hiduser.o(.text) refers to demo.o(.data) for InReport
    hiduser.o(.text) refers to usbcore.o(.bss) for EP0Buf
    hiduser.o(.text) refers to hiduser.o(.data) for HID_IdleTime
    __main.o(!!!main) refers to rtentry.o(.ARM.Collect$$rtentry$$00000000) for __rt_entry
    rtentry.o(.ARM.Collect$$rtentry$$00000000) refers (Special) to rtentry2.o(.ARM.Collect$$rtentry$$0000000A) for __rt_entry_li
    rtentry.o(.ARM.Collect$$rtentry$$00000000) refers (Special) to rtentry2.o(.ARM.Collect$$rtentry$$0000000D) for __rt_entry_main
    rtentry.o(.ARM.Collect$$rtentry$$00000000) refers (Special) to rtentry2.o(.ARM.Collect$$rtentry$$0000000C) for __rt_entry_postli_1
    rtentry.o(.ARM.Collect$$rtentry$$00000000) refers (Special) to rtentry2.o(.ARM.Collect$$rtentry$$00000009) for __rt_entry_postsh_1
    rtentry.o(.ARM.Collect$$rtentry$$00000000) refers (Special) to rtentry2.o(.ARM.Collect$$rtentry$$00000002) for __rt_entry_presh_1
    rtentry.o(.ARM.Collect$$rtentry$$00000000) refers (Special) to rtentry4.o(.ARM.Collect$$rtentry$$00000004) for __rt_entry_sh
    rtentry.o(.ARM.exidx) refers (Special) to rtentry2.o(.ARM.Collect$$rtentry$$0000000A) for __rt_entry_li
    rtentry.o(.ARM.exidx) refers (Special) to rtentry2.o(.ARM.Collect$$rtentry$$0000000D) for __rt_entry_main
    rtentry.o(.ARM.exidx) refers (Special) to rtentry2.o(.ARM.Collect$$rtentry$$0000000C) for __rt_entry_postli_1
    rtentry.o(.ARM.exidx) refers (Special) to rtentry2.o(.ARM.Collect$$rtentry$$00000009) for __rt_entry_postsh_1
    rtentry.o(.ARM.exidx) refers (Special) to rtentry2.o(.ARM.Collect$$rtentry$$00000002) for __rt_entry_presh_1
    rtentry.o(.ARM.exidx) refers (Special) to rtentry4.o(.ARM.Collect$$rtentry$$00000004) for __rt_entry_sh
    rtentry.o(.ARM.exidx) refers to rtentry.o(.ARM.Collect$$rtentry$$00000000) for .ARM.Collect$$rtentry$$00000000
    rtentry2.o(.ARM.Collect$$rtentry$$00000008) refers to boardinit2.o(.text) for _platform_post_stackheap_init
    rtentry2.o(.ARM.Collect$$rtentry$$0000000A) refers to libinit.o(.ARM.Collect$$libinit$$00000000) for __rt_lib_init
    rtentry2.o(.ARM.Collect$$rtentry$$0000000B) refers to boardinit3.o(.text) for _platform_post_lib_init
    rtentry2.o(.ARM.Collect$$rtentry$$0000000D) refers to exit.o(.text) for exit
    rtentry2.o(.ARM.Collect$$rtentry$$0000000D) refers to demo.o(.text) for main
    rtentry2.o(.ARM.exidx) refers to rtentry2.o(.ARM.Collect$$rtentry$$00000001) for .ARM.Collect$$rtentry$$00000001
    rtentry2.o(.ARM.exidx) refers to rtentry2.o(.ARM.Collect$$rtentry$$00000002) for .ARM.Collect$$rtentry$$00000002
    rtentry2.o(.ARM.exidx) refers to rtentry2.o(.ARM.Collect$$rtentry$$00000008) for .ARM.Collect$$rtentry$$00000008
    rtentry2.o(.ARM.exidx) refers to rtentry2.o(.ARM.Collect$$rtentry$$00000009) for .ARM.Collect$$rtentry$$00000009
    rtentry2.o(.ARM.exidx) refers to rtentry2.o(.ARM.Collect$$rtentry$$0000000A) for .ARM.Collect$$rtentry$$0000000A
    rtentry2.o(.ARM.exidx) refers to rtentry2.o(.ARM.Collect$$rtentry$$0000000B) for .ARM.Collect$$rtentry$$0000000B
    rtentry2.o(.ARM.exidx) refers to rtentry2.o(.ARM.Collect$$rtentry$$0000000C) for .ARM.Collect$$rtentry$$0000000C
    rtentry2.o(.ARM.exidx) refers to rtentry2.o(.ARM.Collect$$rtentry$$0000000D) for .ARM.Collect$$rtentry$$0000000D
    rtentry4.o(.ARM.Collect$$rtentry$$00000004) refers to sys_stackheap_outer.o(.text) for __user_setup_stackheap
    rtentry4.o(.ARM.exidx) refers to rtentry4.o(.ARM.Collect$$rtentry$$00000004) for .ARM.Collect$$rtentry$$00000004
    sys_stackheap_outer.o(.text) refers to libspace.o(.text) for __user_perproc_libspace
    sys_stackheap_outer.o(.text) refers to startup.o(.text) for __user_initial_stackheap
    exit.o(.text) refers to rtexit.o(.ARM.Collect$$rtexit$$00000000) for __rt_exit
    libinit.o(.ARM.Collect$$libinit$$00000000) refers (Special) to libinit2.o(.ARM.Collect$$libinit$$0000002A) for __rt_lib_init_alloca_1
    libinit.o(.ARM.Collect$$libinit$$00000000) refers (Special) to libinit2.o(.ARM.Collect$$libinit$$00000028) for __rt_lib_init_argv_1
    libinit.o(.ARM.Collect$$libinit$$00000000) refers (Special) to libinit2.o(.ARM.Collect$$libinit$$00000017) for __rt_lib_init_atexit_1
    libinit.o(.ARM.Collect$$libinit$$00000000) refers (Special) to libinit2.o(.ARM.Collect$$libinit$$0000001D) for __rt_lib_init_clock_1
    libinit.o(.ARM.Collect$$libinit$$00000000) refers (Special) to libinit2.o(.ARM.Collect$$libinit$$0000002E) for __rt_lib_init_cpp_1
    libinit.o(.ARM.Collect$$libinit$$00000000) refers (Special) to libinit2.o(.ARM.Collect$$libinit$$0000002C) for __rt_lib_init_exceptions_1
    libinit.o(.ARM.Collect$$libinit$$00000000) refers (Special) to libinit2.o(.ARM.Collect$$libinit$$0000001B) for __rt_lib_init_fp_trap_1
    libinit.o(.ARM.Collect$$libinit$$00000000) refers (Special) to libinit2.o(.ARM.Collect$$libinit$$0000001F) for __rt_lib_init_getenv_1
    libinit.o(.ARM.Collect$$libinit$$00000000) refers (Special) to libinit2.o(.ARM.Collect$$libinit$$00000006) for __rt_lib_init_heap_1
    libinit.o(.ARM.Collect$$libinit$$00000000) refers (Special) to libinit2.o(.ARM.Collect$$libinit$$0000000D) for __rt_lib_init_lc_collate_1
    libinit.o(.ARM.Collect$$libinit$$00000000) refers (Special) to libinit2.o(.ARM.Collect$$libinit$$0000000F) for __rt_lib_init_lc_ctype_1
    libinit.o(.ARM.Collect$$libinit$$00000000) refers (Special) to libinit2.o(.ARM.Collect$$libinit$$00000011) for __rt_lib_init_lc_monetary_1
    libinit.o(.ARM.Collect$$libinit$$00000000) refers (Special) to libinit2.o(.ARM.Collect$$libinit$$00000013) for __rt_lib_init_lc_numeric_1
    libinit.o(.ARM.Collect$$libinit$$00000000) refers (Special) to libinit2.o(.ARM.Collect$$libinit$$00000015) for __rt_lib_init_lc_time_1
    libinit.o(.ARM.Collect$$libinit$$00000000) refers (Special) to libinit2.o(.ARM.Collect$$libinit$$0000000A) for __rt_lib_init_rand_1
    libinit.o(.ARM.Collect$$libinit$$00000000) refers (Special) to libinit2.o(.ARM.Collect$$libinit$$0000002F) for __rt_lib_init_return
    libinit.o(.ARM.Collect$$libinit$$00000000) refers (Special) to libinit2.o(.ARM.Collect$$libinit$$00000019) for __rt_lib_init_signal_1
    libinit.o(.ARM.Collect$$libinit$$00000000) refers (Special) to libinit2.o(.ARM.Collect$$libinit$$00000021) for __rt_lib_init_stdio_1
    libinit.o(.ARM.Collect$$libinit$$00000000) refers (Special) to libinit2.o(.ARM.Collect$$libinit$$00000008) for __rt_lib_init_user_alloc_1
    libinit.o(.ARM.Collect$$libinit$$00000000) refers to fpinit.o(x$fpl$fpinit) for _fp_init
    libspace.o(.text) refers to libspace.o(.bss) for __libspace_start
    rtexit.o(.ARM.Collect$$rtexit$$00000000) refers (Special) to rtexit2.o(.ARM.Collect$$rtexit$$00000004) for __rt_exit_exit
    rtexit.o(.ARM.Collect$$rtexit$$00000000) refers (Special) to rtexit2.o(.ARM.Collect$$rtexit$$00000003) for __rt_exit_ls
    rtexit.o(.ARM.Collect$$rtexit$$00000000) refers (Special) to rtexit2.o(.ARM.Collect$$rtexit$$00000002) for __rt_exit_prels_1
    rtexit.o(.ARM.exidx) refers (Special) to rtexit2.o(.ARM.Collect$$rtexit$$00000004) for __rt_exit_exit
    rtexit.o(.ARM.exidx) refers (Special) to rtexit2.o(.ARM.Collect$$rtexit$$00000003) for __rt_exit_ls
    rtexit.o(.ARM.exidx) refers (Special) to rtexit2.o(.ARM.Collect$$rtexit$$00000002) for __rt_exit_prels_1
    rtexit.o(.ARM.exidx) refers to rtexit.o(.ARM.Collect$$rtexit$$00000000) for .ARM.Collect$$rtexit$$00000000
    libinit2.o(.ARM.Collect$$libinit$$0000000C) refers to libinit2.o(.ARM.Collect$$libinit$$0000000B) for .ARM.Collect$$libinit$$0000000B
    libinit2.o(.ARM.Collect$$libinit$$0000000E) refers to libinit2.o(.ARM.Collect$$libinit$$0000000B) for .ARM.Collect$$libinit$$0000000B
    libinit2.o(.ARM.Collect$$libinit$$00000010) refers to libinit2.o(.ARM.Collect$$libinit$$0000000B) for .ARM.Collect$$libinit$$0000000B
    libinit2.o(.ARM.Collect$$libinit$$00000012) refers to libinit2.o(.ARM.Collect$$libinit$$0000000B) for .ARM.Collect$$libinit$$0000000B
    libinit2.o(.ARM.Collect$$libinit$$00000014) refers to libinit2.o(.ARM.Collect$$libinit$$0000000B) for .ARM.Collect$$libinit$$0000000B
    libinit2.o(.ARM.Collect$$libinit$$00000022) refers to argv_veneer.o(.emb_text) for __ARM_argv_veneer
    libinit2.o(.ARM.Collect$$libinit$$00000023) refers to argv_veneer.o(.emb_text) for __ARM_argv_veneer
    rtexit2.o(.ARM.Collect$$rtexit$$00000003) refers to libshutdown.o(.ARM.Collect$$libshutdown$$00000000) for __rt_lib_shutdown
    rtexit2.o(.ARM.Collect$$rtexit$$00000004) refers to sys_exit.o(.text) for _sys_exit
    rtexit2.o(.ARM.exidx) refers to rtexit2.o(.ARM.Collect$$rtexit$$00000001) for .ARM.Collect$$rtexit$$00000001
    rtexit2.o(.ARM.exidx) refers to rtexit2.o(.ARM.Collect$$rtexit$$00000002) for .ARM.Collect$$rtexit$$00000002
    rtexit2.o(.ARM.exidx) refers to rtexit2.o(.ARM.Collect$$rtexit$$00000003) for .ARM.Collect$$rtexit$$00000003
    rtexit2.o(.ARM.exidx) refers to rtexit2.o(.ARM.Collect$$rtexit$$00000004) for .ARM.Collect$$rtexit$$00000004
    argv_veneer.o(.emb_text) refers to no_argv.o(.text) for __ARM_get_argv
    sys_exit.o(.text) refers to use_no_semi.o(.text) for __I$use$semihosting
    _get_argv_nomalloc.o(.text) refers (Special) to hrguard.o(.text) for __heap_region$guard
    _get_argv_nomalloc.o(.text) refers to defsig_rtmem_outer.o(.text) for __rt_SIGRTMEM
    _get_argv_nomalloc.o(.text) refers to sys_command.o(.text) for _sys_command_string
    libshutdown.o(.ARM.Collect$$libshutdown$$00000000) refers (Special) to libshutdown2.o(.ARM.Collect$$libshutdown$$00000006) for __rt_lib_shutdown_fp_trap_1
    libshutdown.o(.ARM.Collect$$libshutdown$$00000000) refers (Special) to libshutdown2.o(.ARM.Collect$$libshutdown$$0000000E) for __rt_lib_shutdown_heap_1
    libshutdown.o(.ARM.Collect$$libshutdown$$00000000) refers (Special) to libshutdown2.o(.ARM.Collect$$libshutdown$$0000000F) for __rt_lib_shutdown_return
    libshutdown.o(.ARM.Collect$$libshutdown$$00000000) refers (Special) to libshutdown2.o(.ARM.Collect$$libshutdown$$00000009) for __rt_lib_shutdown_signal_1
    libshutdown.o(.ARM.Collect$$libshutdown$$00000000) refers (Special) to libshutdown2.o(.ARM.Collect$$libshutdown$$00000003) for __rt_lib_shutdown_stdio_1
    libshutdown.o(.ARM.Collect$$libshutdown$$00000000) refers (Special) to libshutdown2.o(.ARM.Collect$$libshutdown$$0000000B) for __rt_lib_shutdown_user_alloc_1
    sys_command.o(.text) refers (Special) to use_no_semi.o(.text) for __I$use$semihosting
    defsig_rtmem_outer.o(.text) refers to defsig_rtmem_inner.o(.text) for __rt_SIGRTMEM_inner
    defsig_rtmem_outer.o(.text) refers to defsig_exit.o(.text) for __sig_exit
    defsig_rtmem_formal.o(.text) refers to rt_raise.o(.text) for __rt_raise
    rt_raise.o(.text) refers to __raise.o(.text) for __raise
    rt_raise.o(.text) refers to sys_exit.o(.text) for _sys_exit
    defsig_exit.o(.text) refers to sys_exit.o(.text) for _sys_exit
    defsig_rtmem_inner.o(.text) refers to defsig_general.o(.text) for __default_signal_display
    __raise.o(.text) refers to defsig.o(CL$$defsig) for __default_signal_handler
    __raise.o(.text) refers to __raise.o(i.__ARM_common_call_via_r2) for __ARM_common_call_via_r2
    defsig_general.o(.text) refers to sys_wrch.o(.text) for _ttywrch
    sys_wrch.o(.text) refers (Special) to use_no_semi.o(.text) for __I$use$semihosting
    defsig.o(CL$$defsig) refers to defsig_rtmem_inner.o(.text) for __rt_SIGRTMEM_inner
    defsig_abrt_inner.o(.text) refers to defsig_general.o(.text) for __default_signal_display
    defsig_fpe_inner.o(.text) refers to defsig_general.o(.text) for __default_signal_display
    defsig_rtred_inner.o(.text) refers to defsig_general.o(.text) for __default_signal_display
    defsig_stak_inner.o(.text) refers to defsig_general.o(.text) for __default_signal_display
    defsig_pvfn_inner.o(.text) refers to defsig_general.o(.text) for __default_signal_display
    defsig_cppl_inner.o(.text) refers to defsig_general.o(.text) for __default_signal_display
    defsig_segv_inner.o(.text) refers to defsig_general.o(.text) for __default_signal_display
    defsig_other.o(.text) refers to defsig_general.o(.text) for __default_signal_display
    usbcore.o(i.USB_GetStatus) refers to usbcore.o(.text) for USB_DataInStage
    usbcore.o(i.USB_GetStatus) refers to usbcore.o(.data) for SetupPacket
    usbcore.o(i.USB_GetStatus) refers to usbcore.o(.bss) for EP0Buf
    usbcore.o(i.USB_SetClrFeature) refers to usbhw.o(.text) for USB_WakeUpCfg
    usbcore.o(i.USB_SetClrFeature) refers to usbcore.o(.data) for SetupPacket
    usbcore.o(i.USB_GetDescriptor) refers to usbcore.o(.text) for USB_DataInStage
    usbcore.o(i.USB_GetDescriptor) refers to usbcore.o(.data) for SetupPacket
    usbcore.o(i.USB_GetDescriptor) refers to usbdesc.o(.constdata) for USB_DeviceDescriptor
    usbcore.o(i.USB_SetConfiguration) refers to usbhw.o(.text) for USB_DisableEP
    usbcore.o(i.USB_SetConfiguration) refers to usbcore.o(.data) for SetupPacket
    usbcore.o(i.USB_SetConfiguration) refers to usbdesc.o(.constdata) for USB_ConfigDescriptor
    usbcore.o(i.USB_SetInterface) refers to usbhw.o(.text) for USB_ConfigEP
    usbcore.o(i.USB_SetInterface) refers to usbcore.o(.data) for USB_Configuration
    usbcore.o(i.USB_SetInterface) refers to usbdesc.o(.constdata) for USB_ConfigDescriptor


==============================================================================

Adding Veneers to the image

    Adding AT veneer (8 bytes, Inline) for call to '__rt_lib_init' from rtentry2.o(.ARM.Collect$$rtentry$$0000000A).
    Adding AT veneer (8 bytes, Inline) for call to '__rt_lib_shutdown' from rtexit2.o(.ARM.Collect$$rtexit$$00000003).
    Adding TA veneer (4 bytes, Inline) for call to '__rt_exit' from exit.o(.text).
    Adding TA veneer (4 bytes, Inline) for call to '_fp_init' from libinit.o(.ARM.Collect$$libinit$$00000000).

4 Veneer(s) (total 24 bytes) added to the image.

==============================================================================

Image Symbol Table

    Local Symbols

    Symbol Name                              Value     Ov Type        Size  Object(Section)

    RESET                                    0x00000000   Section      288  startup.o(RESET)
    ../../angel/boardlib.s                   0x00000000   Number         0  boardinit1.o ABSOLUTE
    ../../angel/boardlib.s                   0x00000000   Number         0  boardinit2.o ABSOLUTE
    ../../angel/boardlib.s                   0x00000000   Number         0  boardinit3.o ABSOLUTE
    ../../angel/boardlib.s                   0x00000000   Number         0  boardshut.o ABSOLUTE
    ../../angel/handlers.s                   0x00000000   Number         0  __scatter_zi.o ABSOLUTE
    ../../angel/handlers.s                   0x00000000   Number         0  __scatter_copy.o ABSOLUTE
    ../../angel/kernel.s                     0x00000000   Number         0  rtentry4.o ABSOLUTE
    ../../angel/kernel.s                     0x00000000   Number         0  rtexit2.o ABSOLUTE
    ../../angel/kernel.s                     0x00000000   Number         0  rtexit.o ABSOLUTE
    ../../angel/kernel.s                     0x00000000   Number         0  rtentry.o ABSOLUTE
    ../../angel/kernel.s                     0x00000000   Number         0  rtentry2.o ABSOLUTE
    ../../angel/rt.s                         0x00000000   Number         0  rt_raise.o ABSOLUTE
    ../../angel/scatter.s                    0x00000000   Number         0  __scatter.o ABSOLUTE
    ../../angel/startup.s                    0x00000000   Number         0  __main.o ABSOLUTE
    ../../angel/sys.s                        0x00000000   Number         0  sys_stackheap_outer.o ABSOLUTE
    ../../angel/sys.s                        0x00000000   Number         0  libspace.o ABSOLUTE
    ../../angel/sys.s                        0x00000000   Number         0  use_no_semi.o ABSOLUTE
    ../../angel/sys.s                        0x00000000   Number         0  sys_exit.o ABSOLUTE
    ../../angel/sysapp.c                     0x00000000   Number         0  sys_command.o ABSOLUTE
    ../../angel/sysapp.c                     0x00000000   Number         0  sys_wrch.o ABSOLUTE
    ../../armsys.c                           0x00000000   Number         0  argv_veneer.o ABSOLUTE
    ../../armsys.c                           0x00000000   Number         0  no_argv.o ABSOLUTE
    ../../armsys.c                           0x00000000   Number         0  _get_argv_nomalloc.o ABSOLUTE
    ../../armsys.c                           0x00000000   Number         0  argv_veneer.o ABSOLUTE
    ../../fpinit.s                           0x00000000   Number         0  fpinit.o ABSOLUTE
    ../../heapalloc.c                        0x00000000   Number         0  hrguard.o ABSOLUTE
    ../../heapaux.c                          0x00000000   Number         0  heapauxi.o ABSOLUTE
    ../../libinit.s                          0x00000000   Number         0  libinit2.o ABSOLUTE
    ../../libinit.s                          0x00000000   Number         0  libinit.o ABSOLUTE
    ../../libinit.s                          0x00000000   Number         0  libshutdown2.o ABSOLUTE
    ../../libinit.s                          0x00000000   Number         0  libshutdown.o ABSOLUTE
    ../../signal.c                           0x00000000   Number         0  defsig_abrt_inner.o ABSOLUTE
    ../../signal.c                           0x00000000   Number         0  defsig_general.o ABSOLUTE
    ../../signal.c                           0x00000000   Number         0  __raise.o ABSOLUTE
    ../../signal.c                           0x00000000   Number         0  defsig_rtmem_formal.o ABSOLUTE
    ../../signal.c                           0x00000000   Number         0  defsig_rtmem_outer.o ABSOLUTE
    ../../signal.c                           0x00000000   Number         0  defsig_rtmem_inner.o ABSOLUTE
    ../../signal.c                           0x00000000   Number         0  defsig_other.o ABSOLUTE
    ../../signal.c                           0x00000000   Number         0  defsig_rtred_inner.o ABSOLUTE
    ../../signal.c                           0x00000000   Number         0  defsig_segv_inner.o ABSOLUTE
    ../../signal.c                           0x00000000   Number         0  defsig_cppl_inner.o ABSOLUTE
    ../../signal.c                           0x00000000   Number         0  defsig_pvfn_inner.o ABSOLUTE
    ../../signal.c                           0x00000000   Number         0  defsig_stak_inner.o ABSOLUTE
    ../../signal.c                           0x00000000   Number         0  defsig_exit.o ABSOLUTE
    ../../signal.c                           0x00000000   Number         0  defsig_fpe_inner.o ABSOLUTE
    ../../signal.s                           0x00000000   Number         0  defsig.o ABSOLUTE
    ../../stdlib.c                           0x00000000   Number         0  exit.o ABSOLUTE
    ../../unhosted.s                         0x00000000   Number         0  uwrite4.o ABSOLUTE
    ../../unhosted.s                         0x00000000   Number         0  uread4.o ABSOLUTE
    PWM.c                                    0x00000000   Number         0  pwm.o ABSOLUTE
    SPI.c                                    0x00000000   Number         0  spi.o ABSOLUTE
    Startup.s                                0x00000000   Number         0  startup.o ABSOLUTE
    adc.c                                    0x00000000   Number         0  adc.o ABSOLUTE
    dc.s                                     0x00000000   Number         0  dc.o ABSOLUTE
    demo.c                                   0x00000000   Number         0  demo.o ABSOLUTE
    hiduser.c                                0x00000000   Number         0  hiduser.o ABSOLUTE
    i2c.c                                    0x00000000   Number         0  i2c.o ABSOLUTE
    usbcore.c                                0x00000000   Number         0  usbcore.o ABSOLUTE
    usbdesc.c                                0x00000000   Number         0  usbdesc.o ABSOLUTE
    usbhw.c                                  0x00000000   Number         0  usbhw.o ABSOLUTE
    usbuser.c                                0x00000000   Number         0  usbuser.o ABSOLUTE
    Undef_Handler                            0x00000040   ARM Code       4  startup.o(RESET)
    SWI_Handler                              0x00000044   ARM Code       4  startup.o(RESET)
    PAbt_Handler                             0x00000048   ARM Code       4  startup.o(RESET)
    DAbt_Handler                             0x0000004c   ARM Code       4  startup.o(RESET)
    IRQ_Handler                              0x00000050   ARM Code       4  startup.o(RESET)
    FIQ_Handler                              0x00000054   ARM Code       4  startup.o(RESET)
    !!!main                                  0x00000120   Section        8  __main.o(!!!main)
    !!!scatter                               0x00000128   Section       60  __scatter.o(!!!scatter)
    !!handler_copy                           0x00000164   Section       40  __scatter_copy.o(!!handler_copy)
    !!handler_zi                             0x0000018c   Section       44  __scatter_zi.o(!!handler_zi)
    .ARM.Collect$$libinit$$00000000          0x000001c0   Section        6  libinit.o(.ARM.Collect$$libinit$$00000000)
    .ARM.Collect$$libinit$$00000006          0x000001c6   Section        0  libinit2.o(.ARM.Collect$$libinit$$00000006)
    .ARM.Collect$$libinit$$00000008          0x000001c6   Section        0  libinit2.o(.ARM.Collect$$libinit$$00000008)
    .ARM.Collect$$libinit$$0000000A          0x000001c6   Section        0  libinit2.o(.ARM.Collect$$libinit$$0000000A)
    .ARM.Collect$$libinit$$0000000D          0x000001c6   Section        0  libinit2.o(.ARM.Collect$$libinit$$0000000D)
    .ARM.Collect$$libinit$$0000000F          0x000001c6   Section        0  libinit2.o(.ARM.Collect$$libinit$$0000000F)
    .ARM.Collect$$libinit$$00000011          0x000001c6   Section        0  libinit2.o(.ARM.Collect$$libinit$$00000011)
    .ARM.Collect$$libinit$$00000013          0x000001c6   Section        0  libinit2.o(.ARM.Collect$$libinit$$00000013)
    .ARM.Collect$$libinit$$00000015          0x000001c6   Section        0  libinit2.o(.ARM.Collect$$libinit$$00000015)
    .ARM.Collect$$libinit$$00000017          0x000001c6   Section        0  libinit2.o(.ARM.Collect$$libinit$$00000017)
    .ARM.Collect$$libinit$$00000019          0x000001c6   Section        0  libinit2.o(.ARM.Collect$$libinit$$00000019)
    .ARM.Collect$$libinit$$0000001B          0x000001c6   Section        0  libinit2.o(.ARM.Collect$$libinit$$0000001B)
    .ARM.Collect$$libinit$$0000001D          0x000001c6   Section        0  libinit2.o(.ARM.Collect$$libinit$$0000001D)
    .ARM.Collect$$libinit$$0000001F          0x000001c6   Section        0  libinit2.o(.ARM.Collect$$libinit$$0000001F)
    .ARM.Collect$$libinit$$00000021          0x000001c6   Section        0  libinit2.o(.ARM.Collect$$libinit$$00000021)
    .ARM.Collect$$libinit$$00000028          0x000001c6   Section        0  libinit2.o(.ARM.Collect$$libinit$$00000028)
    .ARM.Collect$$libinit$$0000002A          0x000001c6   Section        0  libinit2.o(.ARM.Collect$$libinit$$0000002A)
    .ARM.Collect$$libinit$$0000002C          0x000001c6   Section        0  libinit2.o(.ARM.Collect$$libinit$$0000002C)
    .ARM.Collect$$libinit$$0000002E          0x000001c6   Section        0  libinit2.o(.ARM.Collect$$libinit$$0000002E)
    .ARM.Collect$$libinit$$0000002F          0x000001c6   Section       12  libinit2.o(.ARM.Collect$$libinit$$0000002F)
    .ARM.Collect$$libshutdown$$00000000      0x000001dc   Section        4  libshutdown.o(.ARM.Collect$$libshutdown$$00000000)
    .ARM.Collect$$libshutdown$$00000003      0x000001e0   Section        0  libshutdown2.o(.ARM.Collect$$libshutdown$$00000003)
    .ARM.Collect$$libshutdown$$00000006      0x000001e0   Section        0  libshutdown2.o(.ARM.Collect$$libshutdown$$00000006)
    .ARM.Collect$$libshutdown$$00000009      0x000001e0   Section        0  libshutdown2.o(.ARM.Collect$$libshutdown$$00000009)
    .ARM.Collect$$libshutdown$$0000000B      0x000001e0   Section        0  libshutdown2.o(.ARM.Collect$$libshutdown$$0000000B)
    .ARM.Collect$$libshutdown$$0000000E      0x000001e0   Section        0  libshutdown2.o(.ARM.Collect$$libshutdown$$0000000E)
    .ARM.Collect$$libshutdown$$0000000F      0x000001e0   Section        6  libshutdown2.o(.ARM.Collect$$libshutdown$$0000000F)
    .ARM.Collect$$rtentry$$00000000          0x000001e8   Section        0  rtentry.o(.ARM.Collect$$rtentry$$00000000)
    .ARM.Collect$$rtentry$$00000002          0x000001e8   Section        0  rtentry2.o(.ARM.Collect$$rtentry$$00000002)
    .ARM.Collect$$rtentry$$00000004          0x000001e8   Section        8  rtentry4.o(.ARM.Collect$$rtentry$$00000004)
    .ARM.Collect$$rtentry$$00000009          0x000001f0   Section        0  rtentry2.o(.ARM.Collect$$rtentry$$00000009)
    .ARM.Collect$$rtentry$$0000000A          0x000001f0   Section        4  rtentry2.o(.ARM.Collect$$rtentry$$0000000A)
    .ARM.Collect$$rtentry$$0000000C          0x000001f4   Section        0  rtentry2.o(.ARM.Collect$$rtentry$$0000000C)
    .ARM.Collect$$rtentry$$0000000D          0x000001f4   Section       40  rtentry2.o(.ARM.Collect$$rtentry$$0000000D)
    .ARM.Collect$$rtexit$$00000000           0x00000220   Section        0  rtexit.o(.ARM.Collect$$rtexit$$00000000)
    .ARM.Collect$$rtexit$$00000002           0x00000220   Section        0  rtexit2.o(.ARM.Collect$$rtexit$$00000002)
    .ARM.Collect$$rtexit$$00000003           0x00000220   Section        4  rtexit2.o(.ARM.Collect$$rtexit$$00000003)
    .ARM.Collect$$rtexit$$00000004           0x00000224   Section        4  rtexit2.o(.ARM.Collect$$rtexit$$00000004)
    .text                                    0x00000228   Section       32  startup.o(.text)
    .text                                    0x00000248   Section      644  demo.o(.text)
    .text                                    0x000004cc   Section      272  pwm.o(.text)
    .text                                    0x000005dc   Section      220  spi.o(.text)
    .text                                    0x000006b8   Section      528  i2c.o(.text)
    .text                                    0x000008c8   Section      112  adc.o(.text)
    .text                                    0x00000938   Section     1928  usbhw.o(.text)
    .text                                    0x000010c0   Section     1816  usbcore.o(.text)
    .text                                    0x000017d8   Section      180  usbuser.o(.text)
    .text                                    0x0000188c   Section      352  hiduser.o(.text)
    .text                                    0x000019ec   Section       32  uread4.o(.text)
    .text                                    0x00001a0c   Section       32  uwrite4.o(.text)
    .text                                    0x00001a2c   Section        6  heapauxi.o(.text)
    .text                                    0x00001a34   Section       96  sys_stackheap_outer.o(.text)
    .text                                    0x00001a94   Section       12  exit.o(.text)
    .text                                    0x00001aa0   Section       12  libspace.o(.text)
    .text                                    0x00001aac   Section       24  sys_exit.o(.text)
    .text                                    0x00001ac4   Section        4  use_no_semi.o(.text)
    i.USB_GetDescriptor                      0x00001ac8   Section      528  usbcore.o(i.USB_GetDescriptor)
    i.USB_GetStatus                          0x00001cd8   Section      388  usbcore.o(i.USB_GetStatus)
    i.USB_SetClrFeature                      0x00001e5c   Section      408  usbcore.o(i.USB_SetClrFeature)
    i.USB_SetConfiguration                   0x00001ff4   Section      680  usbcore.o(i.USB_SetConfiguration)
    i.USB_SetInterface                       0x0000229c   Section      476  usbcore.o(i.USB_SetInterface)
    x$fpl$fpinit                             0x0000247c   Section        4  fpinit.o(x$fpl$fpinit)
    .constdata                               0x00002480   Section       64  usbuser.o(.constdata)
    .constdata                               0x000024c0   Section      199  usbdesc.o(.constdata)
    .data                                    0x40000000   Section        6  demo.o(.data)
    .data                                    0x40000008   Section       36  usbcore.o(.data)
    .data                                    0x4000002c   Section        2  hiduser.o(.data)
    .bss                                     0x40000030   Section       64  usbcore.o(.bss)
    .bss                                     0x40000070   Section       96  libspace.o(.bss)
    HEAP                                     0x400000d0   Section        0  startup.o(HEAP)
    STACK                                    0x400000d0   Section     1160  startup.o(STACK)
    Heap_Mem                                 0x400000d0   Data           0  startup.o(HEAP)
    Stack_Mem                                0x400000d0   Data        1024  startup.o(STACK)
    Stack_Top                                0x40000558   Data           0  startup.o(STACK)

    Global Symbols

    Symbol Name                              Value     Ov Type        Size  Object(Section)

    BuildAttributes$$THM_ISAv1$ARM_ISAv4$S$PE$A:L22$X:L11$S22$IEEE1$IW$USESV6$~STKCKD$USESV7$~SHL$OSPACE$ROPI$EBA8$UX$STANDARDLIB$REQ8$PRES8$EABIv2 0x00000000   Number         0  anon$$obj.o ABSOLUTE
    __ARM_use_no_argv                        0x00000000   Number         0  demo.o ABSOLUTE
    __ARM_exceptions_init                     - Undefined Weak Reference
    __alloca_initialize                       - Undefined Weak Reference
    __cpp_initialize__aeabi_                  - Undefined Weak Reference
    __cxa_finalize                            - Undefined Weak Reference
    __rt_locale                               - Undefined Weak Reference
    __sigvec_lookup                           - Undefined Weak Reference
    _atexit_init                              - Undefined Weak Reference
    _call_atexit_fns                          - Undefined Weak Reference
    _clock_init                               - Undefined Weak Reference
    _fp_trap_init                             - Undefined Weak Reference
    _fp_trap_shutdown                         - Undefined Weak Reference
    _get_lc_collate                           - Undefined Weak Reference
    _get_lc_ctype                             - Undefined Weak Reference
    _get_lc_monetary                          - Undefined Weak Reference
    _get_lc_numeric                           - Undefined Weak Reference
    _get_lc_time                              - Undefined Weak Reference
    _getenv_init                              - Undefined Weak Reference
    _handle_redirection                       - Undefined Weak Reference
    _init_alloc                               - Undefined Weak Reference
    _init_user_alloc                          - Undefined Weak Reference
    _initio                                   - Undefined Weak Reference
    _rand_init                                - Undefined Weak Reference
    _signal_finish                            - Undefined Weak Reference
    _signal_init                              - Undefined Weak Reference
    _terminate_alloc                          - Undefined Weak Reference
    _terminate_user_alloc                     - Undefined Weak Reference
    _terminateio                              - Undefined Weak Reference
    Reset_Handler                            0x00000058   ARM Code       0  startup.o(RESET)
    __main                                   0x00000120   ARM Code       8  __main.o(!!!main)
    __scatterload                            0x00000128   ARM Code       0  __scatter.o(!!!scatter)
    __scatterload_rt2                        0x00000128   ARM Code      52  __scatter.o(!!!scatter)
    __scatterload_null                       0x0000013c   ARM Code       0  __scatter.o(!!!scatter)
    __scatterload_copy                       0x00000164   ARM Code      40  __scatter_copy.o(!!handler_copy)
    __scatterload_zeroinit                   0x0000018c   ARM Code      44  __scatter_zi.o(!!handler_zi)
    Inline ARM to Thumb Veneer to __rt_lib_init 0x000001b8   ARM Code       8  libinit.o(.ARM.Collect$$libinit$$00000000)
    __rt_lib_init                            0x000001c1   Thumb Code     0  libinit.o(.ARM.Collect$$libinit$$00000000)
    __rt_lib_init_alloca_1                   0x000001c7   Thumb Code     0  libinit2.o(.ARM.Collect$$libinit$$0000002A)
    __rt_lib_init_argv_1                     0x000001c7   Thumb Code     0  libinit2.o(.ARM.Collect$$libinit$$00000028)
    __rt_lib_init_atexit_1                   0x000001c7   Thumb Code     0  libinit2.o(.ARM.Collect$$libinit$$00000017)
    __rt_lib_init_clock_1                    0x000001c7   Thumb Code     0  libinit2.o(.ARM.Collect$$libinit$$0000001D)
    __rt_lib_init_cpp_1                      0x000001c7   Thumb Code     0  libinit2.o(.ARM.Collect$$libinit$$0000002E)
    __rt_lib_init_exceptions_1               0x000001c7   Thumb Code     0  libinit2.o(.ARM.Collect$$libinit$$0000002C)
    __rt_lib_init_fp_trap_1                  0x000001c7   Thumb Code     0  libinit2.o(.ARM.Collect$$libinit$$0000001B)
    __rt_lib_init_getenv_1                   0x000001c7   Thumb Code     0  libinit2.o(.ARM.Collect$$libinit$$0000001F)
    __rt_lib_init_heap_1                     0x000001c7   Thumb Code     0  libinit2.o(.ARM.Collect$$libinit$$00000006)
    __rt_lib_init_lc_collate_1               0x000001c7   Thumb Code     0  libinit2.o(.ARM.Collect$$libinit$$0000000D)
    __rt_lib_init_lc_ctype_1                 0x000001c7   Thumb Code     0  libinit2.o(.ARM.Collect$$libinit$$0000000F)
    __rt_lib_init_lc_monetary_1              0x000001c7   Thumb Code     0  libinit2.o(.ARM.Collect$$libinit$$00000011)
    __rt_lib_init_lc_numeric_1               0x000001c7   Thumb Code     0  libinit2.o(.ARM.Collect$$libinit$$00000013)
    __rt_lib_init_lc_time_1                  0x000001c7   Thumb Code     0  libinit2.o(.ARM.Collect$$libinit$$00000015)
    __rt_lib_init_rand_1                     0x000001c7   Thumb Code     0  libinit2.o(.ARM.Collect$$libinit$$0000000A)
    __rt_lib_init_return                     0x000001c7   Thumb Code     0  libinit2.o(.ARM.Collect$$libinit$$0000002F)
    __rt_lib_init_signal_1                   0x000001c7   Thumb Code     0  libinit2.o(.ARM.Collect$$libinit$$00000019)
    __rt_lib_init_stdio_1                    0x000001c7   Thumb Code     0  libinit2.o(.ARM.Collect$$libinit$$00000021)
    __rt_lib_init_user_alloc_1               0x000001c7   Thumb Code     0  libinit2.o(.ARM.Collect$$libinit$$00000008)
    Inline ARM to Thumb Veneer to __rt_lib_shutdown 0x000001d4   ARM Code       8  libshutdown.o(.ARM.Collect$$libshutdown$$00000000)
    __rt_lib_shutdown                        0x000001dd   Thumb Code     0  libshutdown.o(.ARM.Collect$$libshutdown$$00000000)
    __rt_lib_shutdown_fp_trap_1              0x000001e1   Thumb Code     0  libshutdown2.o(.ARM.Collect$$libshutdown$$00000006)
    __rt_lib_shutdown_heap_1                 0x000001e1   Thumb Code     0  libshutdown2.o(.ARM.Collect$$libshutdown$$0000000E)
    __rt_lib_shutdown_return                 0x000001e1   Thumb Code     0  libshutdown2.o(.ARM.Collect$$libshutdown$$0000000F)
    __rt_lib_shutdown_signal_1               0x000001e1   Thumb Code     0  libshutdown2.o(.ARM.Collect$$libshutdown$$00000009)
    __rt_lib_shutdown_stdio_1                0x000001e1   Thumb Code     0  libshutdown2.o(.ARM.Collect$$libshutdown$$00000003)
    __rt_lib_shutdown_user_alloc_1           0x000001e1   Thumb Code     0  libshutdown2.o(.ARM.Collect$$libshutdown$$0000000B)
    __rt_entry                               0x000001e8   ARM Code       0  rtentry.o(.ARM.Collect$$rtentry$$00000000)
    __rt_entry_presh_1                       0x000001e8   ARM Code       0  rtentry2.o(.ARM.Collect$$rtentry$$00000002)
    __rt_entry_sh                            0x000001e8   ARM Code       0  rtentry4.o(.ARM.Collect$$rtentry$$00000004)
    __rt_entry_li                            0x000001f0   ARM Code       0  rtentry2.o(.ARM.Collect$$rtentry$$0000000A)
    __rt_entry_postsh_1                      0x000001f0   ARM Code       0  rtentry2.o(.ARM.Collect$$rtentry$$00000009)
    __rt_entry_main                          0x000001f4   ARM Code       0  rtentry2.o(.ARM.Collect$$rtentry$$0000000D)
    __rt_entry_postli_1                      0x000001f4   ARM Code       0  rtentry2.o(.ARM.Collect$$rtentry$$0000000C)
    Inline Thumb to ARM Veneer to __rt_exit  0x0000021d   Thumb Code     4  rtexit.o(.ARM.Collect$$rtexit$$00000000)
    __rt_exit                                0x00000220   ARM Code       0  rtexit.o(.ARM.Collect$$rtexit$$00000000)
    __rt_exit_ls                             0x00000220   ARM Code       0  rtexit2.o(.ARM.Collect$$rtexit$$00000003)
    __rt_exit_prels_1                        0x00000220   ARM Code       0  rtexit2.o(.ARM.Collect$$rtexit$$00000002)
    __rt_exit_exit                           0x00000224   ARM Code       0  rtexit2.o(.ARM.Collect$$rtexit$$00000004)
    __user_initial_stackheap                 0x00000228   ARM Code       0  startup.o(.text)
    GetInReport                              0x00000248   ARM Code     100  demo.o(.text)
    SetOutReport                             0x000002ac   ARM Code     480  demo.o(.text)
    main                                     0x0000048c   ARM Code      36  demo.o(.text)
    initPWM                                  0x000004cc   ARM Code      92  pwm.o(.text)
    feedSeq                                  0x00000528   ARM Code      24  pwm.o(.text)
    connectPLL0                              0x00000540   ARM Code      36  pwm.o(.text)
    setupPLL0                                0x00000564   ARM Code      24  pwm.o(.text)
    initClocks                               0x0000057c   ARM Code      40  pwm.o(.text)
    PWM_func                                 0x000005a4   ARM Code      44  pwm.o(.text)
    MASTERINIT                               0x000005dc   ARM Code      56  spi.o(.text)
    SPItrx                                   0x00000614   ARM Code      88  spi.o(.text)
    SPI_func                                 0x0000066c   ARM Code      64  spi.o(.text)
    I2C_INIT                                 0x000006b8   ARM Code      48  i2c.o(.text)
    I2C_START                                0x000006e8   ARM Code      48  i2c.o(.text)
    I2C_WRITE                                0x00000718   ARM Code      56  i2c.o(.text)
    I2C_READ_ACK                             0x00000750   ARM Code      56  i2c.o(.text)
    I2C_READ_NACK                            0x00000788   ARM Code      56  i2c.o(.text)
    I2C_MULTIREAD                            0x000007c0   ARM Code     144  i2c.o(.text)
    I2C_STOP                                 0x00000850   ARM Code      16  i2c.o(.text)
    I2C_func                                 0x00000860   ARM Code      48  i2c.o(.text)
    I2C_funcr                                0x00000890   ARM Code      48  i2c.o(.text)
    ADC_func                                 0x000008c8   ARM Code      96  adc.o(.text)
    EPAdr                                    0x00000938   ARM Code      28  usbhw.o(.text)
    WrCmd                                    0x00000954   ARM Code      44  usbhw.o(.text)
    WrCmdDat                                 0x00000980   ARM Code      84  usbhw.o(.text)
    RdCmdDat                                 0x000009d4   ARM Code      56  usbhw.o(.text)
    USB_SetAddress                           0x00000a0c   ARM Code      56  usbhw.o(.text)
    USB_Reset                                0x00000a44   ARM Code      88  usbhw.o(.text)
    USB_Resume                               0x00000a9c   ARM Code       4  usbhw.o(.text)
    USB_Suspend                              0x00000aa0   ARM Code       4  usbhw.o(.text)
    USB_ISR                                  0x00000aa4   ARM Code     392  usbhw.o(.text)
    USB_Init                                 0x00000c2c   ARM Code     208  usbhw.o(.text)
    USB_Connect                              0x00000cfc   ARM Code      52  usbhw.o(.text)
    USB_WakeUp                               0x00000d30   ARM Code      40  usbhw.o(.text)
    USB_WakeUpCfg                            0x00000d58   ARM Code       4  usbhw.o(.text)
    USB_Configure                            0x00000d5c   ARM Code      96  usbhw.o(.text)
    USB_ConfigEP                             0x00000dbc   ARM Code     112  usbhw.o(.text)
    USB_DirCtrlEP                            0x00000e2c   ARM Code       4  usbhw.o(.text)
    USB_EnableEP                             0x00000e30   ARM Code      44  usbhw.o(.text)
    USB_DisableEP                            0x00000e5c   ARM Code      44  usbhw.o(.text)
    USB_ResetEP                              0x00000e88   ARM Code      44  usbhw.o(.text)
    USB_SetStallEP                           0x00000eb4   ARM Code      44  usbhw.o(.text)
    USB_ClrStallEP                           0x00000ee0   ARM Code      44  usbhw.o(.text)
    USB_ReadEP                               0x00000f0c   ARM Code     176  usbhw.o(.text)
    USB_WriteEP                              0x00000fbc   ARM Code     144  usbhw.o(.text)
    USB_GetFrame                             0x0000104c   ARM Code      48  usbhw.o(.text)
    USB_ResetCore                            0x000010c0   ARM Code      56  usbcore.o(.text)
    USB_SetupStage                           0x000010f8   ARM Code      24  usbcore.o(.text)
    USB_DataInStage                          0x00001110   ARM Code     104  usbcore.o(.text)
    USB_DataOutStage                         0x00001178   ARM Code      68  usbcore.o(.text)
    USB_StatusInStage                        0x000011bc   ARM Code      28  usbcore.o(.text)
    USB_StatusOutStage                       0x000011d8   ARM Code      24  usbcore.o(.text)
    USB_EndPoint0                            0x000011f0   ARM Code    1468  usbcore.o(.text)
    USB_Reset_Event                          0x000017d8   ARM Code      16  usbuser.o(.text)
    USB_Configure_Event                      0x000017e8   ARM Code      48  usbuser.o(.text)
    USB_EndPoint1                            0x00001818   ARM Code      52  usbuser.o(.text)
    USB_EndPoint2                            0x0000184c   ARM Code       4  usbuser.o(.text)
    USB_EndPoint3                            0x00001850   ARM Code       4  usbuser.o(.text)
    USB_EndPoint4                            0x00001854   ARM Code       4  usbuser.o(.text)
    USB_EndPoint5                            0x00001858   ARM Code       4  usbuser.o(.text)
    USB_EndPoint6                            0x0000185c   ARM Code       4  usbuser.o(.text)
    USB_EndPoint7                            0x00001860   ARM Code       4  usbuser.o(.text)
    USB_EndPoint8                            0x00001864   ARM Code       4  usbuser.o(.text)
    USB_EndPoint9                            0x00001868   ARM Code       4  usbuser.o(.text)
    USB_EndPoint10                           0x0000186c   ARM Code       4  usbuser.o(.text)
    USB_EndPoint11                           0x00001870   ARM Code       4  usbuser.o(.text)
    USB_EndPoint12                           0x00001874   ARM Code       4  usbuser.o(.text)
    USB_EndPoint13                           0x00001878   ARM Code       4  usbuser.o(.text)
    USB_EndPoint14                           0x0000187c   ARM Code       4  usbuser.o(.text)
    USB_EndPoint15                           0x00001880   ARM Code       4  usbuser.o(.text)
    HID_GetReport                            0x0000188c   ARM Code     108  hiduser.o(.text)
    HID_SetReport                            0x000018f8   ARM Code     108  hiduser.o(.text)
    HID_GetIdle                              0x00001964   ARM Code      32  hiduser.o(.text)
    HID_SetIdle                              0x00001984   ARM Code      32  hiduser.o(.text)
    HID_GetProtocol                          0x000019a4   ARM Code      24  hiduser.o(.text)
    HID_SetProtocol                          0x000019bc   ARM Code      24  hiduser.o(.text)
    __aeabi_uread4                           0x000019ec   ARM Code       0  uread4.o(.text)
    __rt_uread4                              0x000019ec   ARM Code      32  uread4.o(.text)
    __aeabi_uwrite4                          0x00001a0c   ARM Code       0  uwrite4.o(.text)
    __rt_uwrite4                             0x00001a0c   ARM Code      32  uwrite4.o(.text)
    __use_two_region_memory                  0x00001a2d   Thumb Code     2  heapauxi.o(.text)
    __rt_heap_escrow$2region                 0x00001a2f   Thumb Code     2  heapauxi.o(.text)
    __rt_heap_expand$2region                 0x00001a31   Thumb Code     2  heapauxi.o(.text)
    __user_setup_stackheap                   0x00001a34   ARM Code      96  sys_stackheap_outer.o(.text)
    exit                                     0x00001a95   Thumb Code    12  exit.o(.text)
    __user_libspace                          0x00001aa0   ARM Code      12  libspace.o(.text)
    __user_perproc_libspace                  0x00001aa0   ARM Code       0  libspace.o(.text)
    __user_perthread_libspace                0x00001aa0   ARM Code       0  libspace.o(.text)
    _sys_exit                                0x00001aac   ARM Code      20  sys_exit.o(.text)
    __I$use$semihosting                      0x00001ac4   ARM Code       0  use_no_semi.o(.text)
    __use_no_semihosting_swi                 0x00001ac4   ARM Code       4  use_no_semi.o(.text)
    USB_GetDescriptor                        0x00001ac8   ARM Code     496  usbcore.o(i.USB_GetDescriptor)
    USB_GetStatus                            0x00001cd8   ARM Code     356  usbcore.o(i.USB_GetStatus)
    USB_SetClrFeature                        0x00001e5c   ARM Code     388  usbcore.o(i.USB_SetClrFeature)
    USB_SetConfiguration                     0x00001ff4   ARM Code     644  usbcore.o(i.USB_SetConfiguration)
    USB_SetInterface                         0x0000229c   ARM Code     452  usbcore.o(i.USB_SetInterface)
    Inline Thumb to ARM Veneer to _fp_init   0x00002479   Thumb Code     4  fpinit.o(x$fpl$fpinit)
    __fplib_config_pureend_doubles           0x0000247c   ARM Code       0  fpinit.o(x$fpl$fpinit)
    _fp_init                                 0x0000247c   ARM Code       4  fpinit.o(x$fpl$fpinit)
    USB_P_EP                                 0x00002480   Data          64  usbuser.o(.constdata)
    HID_ReportDescriptor                     0x000024c0   Data          44  usbdesc.o(.constdata)
    HID_ReportDescSize                       0x000024ec   Data           2  usbdesc.o(.constdata)
    USB_DeviceDescriptor                     0x000024ee   Data          18  usbdesc.o(.constdata)
    USB_ConfigDescriptor                     0x00002500   Data          35  usbdesc.o(.constdata)
    USB_StringDescriptor                     0x00002523   Data         100  usbdesc.o(.constdata)
    Region$$Table$$Base                      0x00002588   Number         0  anon$$obj.o(Region$$Table)
    Region$$Table$$Limit                     0x000025a8   Number         0  anon$$obj.o(Region$$Table)
    key                                      0x40000000   Data           1  demo.o(.data)
    rst                                      0x40000001   Data           1  demo.o(.data)
    cmd                                      0x40000002   Data           1  demo.o(.data)
    InReport                                 0x40000003   Data           1  demo.o(.data)
    OutReport                                0x40000004   Data           1  demo.o(.data)
    slvaddr                                  0x40000005   Data           1  demo.o(.data)
    USB_DeviceStatus                         0x40000008   Data           2  usbcore.o(.data)
    USB_DeviceAddress                        0x4000000a   Data           1  usbcore.o(.data)
    USB_Configuration                        0x4000000b   Data           1  usbcore.o(.data)
    USB_EndPointMask                         0x4000000c   Data           4  usbcore.o(.data)
    USB_EndPointHalt                         0x40000010   Data           4  usbcore.o(.data)
    USB_NumInterfaces                        0x40000014   Data           1  usbcore.o(.data)
    USB_AltSetting                           0x40000015   Data           4  usbcore.o(.data)
    EP0Data                                  0x4000001c   Data           8  usbcore.o(.data)
    SetupPacket                              0x40000024   Data           8  usbcore.o(.data)
    HID_Protocol                             0x4000002c   Data           1  hiduser.o(.data)
    HID_IdleTime                             0x4000002d   Data           1  hiduser.o(.data)
    EP0Buf                                   0x40000030   Data          64  usbcore.o(.bss)
    __libspace_start                         0x40000070   Data          96  libspace.o(.bss)
    __temporary_stack_top$libspace           0x400000d0   Data           0  libspace.o(.bss)



==============================================================================

Memory Map of the image

  Image Entry point : 0x00000120

  Load Region LR_IROM1 (Base: 0x00000000, Size: 0x000025d8, Max: 0x00080000, ABSOLUTE)

    Execution Region ER_IROM1 (Base: 0x00000000, Size: 0x000025a8, Max: 0x00080000, ABSOLUTE)

    Base Addr    Size         Type   Attr      Idx    E Section Name        Object

    0x00000000   0x00000120   Code   RO            3    RESET               startup.o
    0x00000120   0x00000008   Code   RO          273  * !!!main             __main.o(c_t.l)
    0x00000128   0x0000003c   Code   RO          432    !!!scatter          __scatter.o(c_t.l)
    0x00000164   0x00000028   Code   RO          434    !!handler_copy      __scatter_copy.o(c_t.l)
    0x0000018c   0x0000002c   Code   RO          436    !!handler_zi        __scatter_zi.o(c_t.l)
    0x000001b8   0x00000008   Ven    RO          305    .ARM.Collect$$libinit$$00000000  libinit.o(c_t.l)
    0x000001c0   0x00000006   Code   RO          305    .ARM.Collect$$libinit$$00000000  libinit.o(c_t.l)
    0x000001c6   0x00000000   Code   RO          313    .ARM.Collect$$libinit$$00000006  libinit2.o(c_t.l)
    0x000001c6   0x00000000   Code   RO          315    .ARM.Collect$$libinit$$00000008  libinit2.o(c_t.l)
    0x000001c6   0x00000000   Code   RO          317    .ARM.Collect$$libinit$$0000000A  libinit2.o(c_t.l)
    0x000001c6   0x00000000   Code   RO          320    .ARM.Collect$$libinit$$0000000D  libinit2.o(c_t.l)
    0x000001c6   0x00000000   Code   RO          322    .ARM.Collect$$libinit$$0000000F  libinit2.o(c_t.l)
    0x000001c6   0x00000000   Code   RO          324    .ARM.Collect$$libinit$$00000011  libinit2.o(c_t.l)
    0x000001c6   0x00000000   Code   RO          326    .ARM.Collect$$libinit$$00000013  libinit2.o(c_t.l)
    0x000001c6   0x00000000   Code   RO          328    .ARM.Collect$$libinit$$00000015  libinit2.o(c_t.l)
    0x000001c6   0x00000000   Code   RO          330    .ARM.Collect$$libinit$$00000017  libinit2.o(c_t.l)
    0x000001c6   0x00000000   Code   RO          332    .ARM.Collect$$libinit$$00000019  libinit2.o(c_t.l)
    0x000001c6   0x00000000   Code   RO          334    .ARM.Collect$$libinit$$0000001B  libinit2.o(c_t.l)
    0x000001c6   0x00000000   Code   RO          336    .ARM.Collect$$libinit$$0000001D  libinit2.o(c_t.l)
    0x000001c6   0x00000000   Code   RO          338    .ARM.Collect$$libinit$$0000001F  libinit2.o(c_t.l)
    0x000001c6   0x00000000   Code   RO          340    .ARM.Collect$$libinit$$00000021  libinit2.o(c_t.l)
    0x000001c6   0x00000000   Code   RO          344    .ARM.Collect$$libinit$$00000028  libinit2.o(c_t.l)
    0x000001c6   0x00000000   Code   RO          346    .ARM.Collect$$libinit$$0000002A  libinit2.o(c_t.l)
    0x000001c6   0x00000000   Code   RO          348    .ARM.Collect$$libinit$$0000002C  libinit2.o(c_t.l)
    0x000001c6   0x00000000   Code   RO          350    .ARM.Collect$$libinit$$0000002E  libinit2.o(c_t.l)
    0x000001c6   0x0000000c   Code   RO          351    .ARM.Collect$$libinit$$0000002F  libinit2.o(c_t.l)
    0x000001d2   0x00000002   PAD
    0x000001d4   0x00000008   Ven    RO          372    .ARM.Collect$$libshutdown$$00000000  libshutdown.o(c_t.l)
    0x000001dc   0x00000004   Code   RO          372    .ARM.Collect$$libshutdown$$00000000  libshutdown.o(c_t.l)
    0x000001e0   0x00000000   Code   RO          385    .ARM.Collect$$libshutdown$$00000003  libshutdown2.o(c_t.l)
    0x000001e0   0x00000000   Code   RO          388    .ARM.Collect$$libshutdown$$00000006  libshutdown2.o(c_t.l)
    0x000001e0   0x00000000   Code   RO          391    .ARM.Collect$$libshutdown$$00000009  libshutdown2.o(c_t.l)
    0x000001e0   0x00000000   Code   RO          393    .ARM.Collect$$libshutdown$$0000000B  libshutdown2.o(c_t.l)
    0x000001e0   0x00000000   Code   RO          396    .ARM.Collect$$libshutdown$$0000000E  libshutdown2.o(c_t.l)
    0x000001e0   0x00000006   Code   RO          397    .ARM.Collect$$libshutdown$$0000000F  libshutdown2.o(c_t.l)
    0x000001e6   0x00000002   PAD
    0x000001e8   0x00000000   Code   RO          275    .ARM.Collect$$rtentry$$00000000  rtentry.o(c_t.l)
    0x000001e8   0x00000000   Code   RO          278    .ARM.Collect$$rtentry$$00000002  rtentry2.o(c_t.l)
    0x000001e8   0x00000008   Code   RO          293    .ARM.Collect$$rtentry$$00000004  rtentry4.o(c_t.l)
    0x000001f0   0x00000000   Code   RO          280    .ARM.Collect$$rtentry$$00000009  rtentry2.o(c_t.l)
    0x000001f0   0x00000004   Code   RO          281    .ARM.Collect$$rtentry$$0000000A  rtentry2.o(c_t.l)
    0x000001f4   0x00000000   Code   RO          283    .ARM.Collect$$rtentry$$0000000C  rtentry2.o(c_t.l)
    0x000001f4   0x00000028   Code   RO          284    .ARM.Collect$$rtentry$$0000000D  rtentry2.o(c_t.l)
    0x0000021c   0x00000004   Ven    RO          309    .ARM.Collect$$rtexit$$00000000  rtexit.o(c_t.l)
    0x00000220   0x00000000   Code   RO          309    .ARM.Collect$$rtexit$$00000000  rtexit.o(c_t.l)
    0x00000220   0x00000000   Code   RO          355    .ARM.Collect$$rtexit$$00000002  rtexit2.o(c_t.l)
    0x00000220   0x00000004   Code   RO          356    .ARM.Collect$$rtexit$$00000003  rtexit2.o(c_t.l)
    0x00000224   0x00000004   Code   RO          357    .ARM.Collect$$rtexit$$00000004  rtexit2.o(c_t.l)
    0x00000228   0x00000020   Code   RO            4    .text               startup.o
    0x00000248   0x00000284   Code   RO           11    .text               demo.o
    0x000004cc   0x00000110   Code   RO           61    .text               pwm.o
    0x000005dc   0x000000dc   Code   RO           76    .text               spi.o
    0x000006b8   0x00000210   Code   RO           88    .text               i2c.o
    0x000008c8   0x00000070   Code   RO          106    .text               adc.o
    0x00000938   0x00000788   Code   RO          118    .text               usbhw.o(HID.lib)
    0x000010c0   0x00000718   Code   RO          153    .text               usbcore.o(HID.lib)
    0x000017d8   0x000000b4   Code   RO          213    .text               usbuser.o(HID.lib)
    0x0000188c   0x00000160   Code   RO          247    .text               hiduser.o(HID.lib)
    0x000019ec   0x00000020   Code   RO          267    .text               uread4.o(c_t.l)
    0x00001a0c   0x00000020   Code   RO          269    .text               uwrite4.o(c_t.l)
    0x00001a2c   0x00000006   Code   RO          271    .text               heapauxi.o(c_t.l)
    0x00001a32   0x00000002   PAD
    0x00001a34   0x00000060   Code   RO          295    .text               sys_stackheap_outer.o(c_t.l)
    0x00001a94   0x0000000c   Code   RO          297    .text               exit.o(c_t.l)
    0x00001aa0   0x0000000c   Code   RO          306    .text               libspace.o(c_t.l)
    0x00001aac   0x00000018   Code   RO          364    .text               sys_exit.o(c_t.l)
    0x00001ac4   0x00000004   Code   RO          375    .text               use_no_semi.o(c_t.l)
    0x00001ac8   0x00000210   Code   RO          178    i.USB_GetDescriptor  usbcore.o(HID.lib)
    0x00001cd8   0x00000184   Code   RO          166    i.USB_GetStatus     usbcore.o(HID.lib)
    0x00001e5c   0x00000198   Code   RO          172    i.USB_SetClrFeature  usbcore.o(HID.lib)
    0x00001ff4   0x000002a8   Code   RO          184    i.USB_SetConfiguration  usbcore.o(HID.lib)
    0x0000229c   0x000001dc   Code   RO          190    i.USB_SetInterface  usbcore.o(HID.lib)
    0x00002478   0x00000004   Ven    RO          352    x$fpl$fpinit        fpinit.o(fz_ts.l)
    0x0000247c   0x00000004   Code   RO          352    x$fpl$fpinit        fpinit.o(fz_ts.l)
    0x00002480   0x00000040   Data   RO          214    .constdata          usbuser.o(HID.lib)
    0x000024c0   0x000000c7   Data   RO          235    .constdata          usbdesc.o(HID.lib)
    0x00002587   0x00000001   PAD
    0x00002588   0x00000020   Data   RO          430    Region$$Table       anon$$obj.o


    Execution Region RW_IRAM1 (Base: 0x40000000, Size: 0x00000558, Max: 0x00008000, ABSOLUTE)

    Base Addr    Size         Type   Attr      Idx    E Section Name        Object

    0x40000000   0x00000006   Data   RW           12    .data               demo.o
    0x40000006   0x00000002   PAD
    0x40000008   0x00000024   Data   RW          155    .data               usbcore.o(HID.lib)
    0x4000002c   0x00000002   Data   RW          248    .data               hiduser.o(HID.lib)
    0x4000002e   0x00000002   PAD
    0x40000030   0x00000040   Zero   RW          154    .bss                usbcore.o(HID.lib)
    0x40000070   0x00000060   Zero   RW          307    .bss                libspace.o(c_t.l)
    0x400000d0   0x00000000   Zero   RW            2    HEAP                startup.o
    0x400000d0   0x00000488   Zero   RW            1    STACK               startup.o


==============================================================================

Image component sizes


      Code (inc. data)   RO Data    RW Data    ZI Data      Debug   Object Name

       112         16          0          0          0        439   adc.o
       644         28          0          6          0       3265   demo.o
       528          8          0          0          0       4488   i2c.o
       272         12          0          0          0       1064   pwm.o
       220         12          0          0          0        853   spi.o
       320         64          0          0       1160        444   startup.o

    ----------------------------------------------------------------------
      2096        140         32          8       1160      10553   Object Totals
         0          0         32          0          0          0   (incl. Generated)
         0          0          0          2          0          3   (incl. Padding)

    ----------------------------------------------------------------------

      Code (inc. data)   RO Data    RW Data    ZI Data      Debug   Library Member Name

         8          0          0          0          0         68   __main.o
        60          8          0          0          0          0   __scatter.o
        40          0          0          0          0          0   __scatter_copy.o
        44          0          0          0          0          0   __scatter_zi.o
        12          0          0          0          0         60   exit.o
         8          0          0          0          0         68   fpinit.o
         6          0          0          0          0        132   heapauxi.o
       352         24          0          2          0       2026   hiduser.o
        14          0          0          0          0          0   libinit.o
        12          0          0          0          0          0   libinit2.o
        12          0          0          0          0          0   libshutdown.o
         6          0          0          0          0          0   libshutdown2.o
        12          4          0          0         96         68   libspace.o
         0          0          0          0          0          0   rtentry.o
        44          4          0          0          0          0   rtentry2.o
         8          0          0          0          0          0   rtentry4.o
         4          0          0          0          0          0   rtexit.o
         8          0          0          0          0          0   rtexit2.o
        24          8          0          0          0         68   sys_exit.o
        96          0          0          0          0         80   sys_stackheap_outer.o
        32          0          0          0          0         68   uread4.o
      4296        188          0         36         64       7842   usbcore.o
         0          0        199          0          0        845   usbdesc.o
      1928         68          0          0          0      10412   usbhw.o
       180          8         64          0          0       3357   usbuser.o
         4          0          0          0          0         68   use_no_semi.o
        32          0          0          0          0         68   uwrite4.o

    ----------------------------------------------------------------------
      7248        312        264         40        160      25230   Library Totals
         6          0          1          2          0          0   (incl. Padding)

    ----------------------------------------------------------------------

      Code (inc. data)   RO Data    RW Data    ZI Data      Debug   Library Name

      6756        288        263         38         64      24482   HID.lib
       478         24          0          0         96        680   c_t.l
         8          0          0          0          0         68   fz_ts.l

    ----------------------------------------------------------------------
      7248        312        264         40        160      25230   Library Totals

    ----------------------------------------------------------------------

==============================================================================


      Code (inc. data)   RO Data    RW Data    ZI Data      Debug   

      9344        452        296         48       1320      34344   Grand Totals
      9344        452        296         48       1320      34344   ELF Image Totals
      9344        452        296         48          0          0   ROM Totals

==============================================================================

    Total RO  Size (Code + RO Data)                 9640 (   9.41kB)
    Total RW  Size (RW Data + ZI Data)              1368 (   1.34kB)
    Total ROM Size (Code + RO Data + RW Data)       9688 (   9.46kB)

==============================================================================

